
> @dbk/creator@0.1.0 build
> next build

   [1m[38;2;173;127;168m▲ Next.js 15.1.4[39m[22m
   - Environments: .env.local

 [37m[1m [22m[39m Creating an optimized production build ...
 [32m[1m✓[22m[39m Compiled successfully
[?25l [37m[1m [22m[39m Linting and checking validity of types  [36m.[39m[2K[1G [37m[1m [22m[39m Linting and checking validity of types  [36m..[39m[2K[1G [37m[1m [22m[39m Linting and checking validity of types  [36m...[39m[2K[1G [37m[1m [22m[39m Linting and checking validity of types  [36m.[39m[2K[1G [37m[1m [22m[39m Linting and checking validity of types  [36m..[39m[2K[1G [37m[1m [22m[39m Linting and checking validity of types  [36m...[39m[2K[1G [37m[1m [22m[39m Linting and checking validity of types  [36m.[39m[2K[1G [37m[1m [22m[39m Linting and checking validity of types  [36m..[39m[2K[1G [37m[1m [22m[39m Linting and checking validity of types  [36m...[39m[2K[1G [37m[1m [22m[39m Linting and checking validity of types  [36m.[39m[2K[1G [37m[1m [22m[39m Linting and checking validity of types  [36m..[39m[2K[1G [37m[1m [22m[39m Linting and checking validity of types  [36m...[39m[2K[1G [37m[1m [22m[39m Linting and checking validity of types  [36m.[39m[2K[1G [37m[1m [22m[39m Linting and checking validity of types  [36m..[39m ⨯ ESLint: Cannot serialize key "parse" in "parser": Function values are not supported.
[2K[1G [37m[1m [22m[39m Linting and checking validity of types  [36m...[39m[2K[1G [37m[1m [22m[39m Linting and checking validity of types  [36m.[39m[2K[1G [37m[1m [22m[39m Linting and checking validity of types  [36m..[39m[2K[1G [37m[1m [22m[39m Linting and checking validity of types  [36m...[39m[2K[1G [37m[1m [22m[39m Linting and checking validity of types  [36m.[39m[2K[1G [37m[1m [22m[39m Linting and checking validity of types  [36m..[39m[2K[1G [37m[1m [22m[39m Linting and checking validity of types  [36m...[39m[2K[1G [37m[1m [22m[39m Linting and checking validity of types  [36m.[39m[2K[1G [37m[1m [22m[39m Linting and checking validity of types  [36m..[39m[2K[1G [37m[1m [22m[39m Linting and checking validity of types  [36m...[39m[2K[1G[?25h [37m[1m [22m[39m Linting and checking validity of types     [32m[1m✓[22m[39m Linting and checking validity of types 
[?25l [37m[1m [22m[39m Collecting page data  [36m.[39m[2K[1G [37m[1m [22m[39m Collecting page data  [36m..[39m[2K[1G [37m[1m [22m[39m Collecting page data  [36m...[39m[2K[1G [37m[1m [22m[39m Collecting page data  [36m.[39m[2K[1G [37m[1m [22m[39m Collecting page data  [36m..[39m[2K[1G[?25h [37m[1m [22m[39m Collecting page data     [32m[1m✓[22m[39m Collecting page data 
[?25l [37m[1m [22m[39m Generating static pages (0/9)  [36m[    ][39m[2K[1G [37m[1m [22m[39m Generating static pages (0/9)  [36m[=   ][39m[2K[1G [37m[1m [22m[39m Generating static pages (0/9)  [36m[==  ][39m[2K[1G[?25h ⨯ useSearchParams() should be wrapped in a suspense boundary at page "/login". Read more: https://nextjs.org/docs/messages/missing-suspense-with-csr-bailout
    at i (/Users/karanpamnani/Dreams-by-Kalakaaar-v2/frontend/apps/creator/.next/server/chunks/182.js:1:7721)
    at d (/Users/karanpamnani/Dreams-by-Kalakaaar-v2/frontend/apps/creator/.next/server/chunks/182.js:1:24314)
    at e5 (/Users/karanpamnani/Dreams-by-Kalakaaar-v2/frontend/apps/creator/.next/server/app/(auth)/login/page.js:1:18424)
    at nO (/Users/karanpamnani/Dreams-by-Kalakaaar-v2/frontend/node_modules/next/dist/compiled/next-server/app-page.runtime.prod.js:20:45959)
    at nI (/Users/karanpamnani/Dreams-by-Kalakaaar-v2/frontend/node_modules/next/dist/compiled/next-server/app-page.runtime.prod.js:20:47734)
    at nI (/Users/karanpamnani/Dreams-by-Kalakaaar-v2/frontend/node_modules/next/dist/compiled/next-server/app-page.runtime.prod.js:20:62515)
    at nL (/Users/karanpamnani/Dreams-by-Kalakaaar-v2/frontend/node_modules/next/dist/compiled/next-server/app-page.runtime.prod.js:20:65533)
    at nN (/Users/karanpamnani/Dreams-by-Kalakaaar-v2/frontend/node_modules/next/dist/compiled/next-server/app-page.runtime.prod.js:20:63164)
    at nB (/Users/karanpamnani/Dreams-by-Kalakaaar-v2/frontend/node_modules/next/dist/compiled/next-server/app-page.runtime.prod.js:20:68946)
    at nD (/Users/karanpamnani/Dreams-by-Kalakaaar-v2/frontend/node_modules/next/dist/compiled/next-server/app-page.runtime.prod.js:20:67647)
Error occurred prerendering page "/login". Read more: https://nextjs.org/docs/messages/prerender-error
Export encountered an error on /(auth)/login/page: /login, exiting the build.
 [31m[1m⨯[22m[39m Static worker exited with code: 1 and signal: null
[?25h⠙[1G[0K[1mnpm[22m [31merror[39m Lifecycle script `build` failed with error:
⠙[1G[0K[1mnpm[22m [31merror[39m [94mcode[39m [33m1[39m
⠙[1G[0K[1mnpm[22m [31merror[39m [94mpath[39m /Users/karanpamnani/Dreams-by-Kalakaaar-v2/frontend/apps/creator
⠙[1G[0K[1mnpm[22m [31merror[39m [94mworkspace[39m @dbk/creator@0.1.0
⠙[1G[0K[1mnpm[22m [31merror[39m [94mlocation[39m /Users/karanpamnani/Dreams-by-Kalakaaar-v2/frontend/apps/creator
⠙[1G[0K[1mnpm[22m [31merror[39m command failed
⠙[1G[0K[1mnpm[22m [31merror[39m [94mcommand[39m sh -c next build
⠙[1G[0K
